singleton (program 1.0.0 [(#41c0, #a149736f6d65746f6b656e01)])
valueOf (program 1.0.0 1)