singleton (program 1.0.0 ((\i0 -> (\i0 -> (\i0 -> (\i0 -> \i0 -> \i0 -> (\i0 -> i5 (bData i4) (mapData i1)) (i4 (bData i2) (iData i1))) #c0 #736f6d65746f6b656e 1) (\i0 -> \i0 -> i3 (mkPairData i2 i1) i4)) (force mkCons)) [  ]))
valueOf (program 1.0.0 ((\i0 -> (\i0 -> (\i0 -> (\i0 -> (\i0 -> (\i0 -> (\i0 -> (\i0 -> (\i0 -> (\i0 -> (\i0 -> (\i0 -> (\i0 -> (\i0 -> (\i0 -> \i0 -> \i0 -> i4 (\i0 -> \i0 -> \i0 -> i2 (unMapData (i15 i3))) (bData i2) i3 (\i0 -> i5 (\i0 -> \i0 -> \i0 -> i2 (unIData (i16 i3))) (bData i2) i1 (\i0 -> i1) (delay 0)) (delay 0)) ((\i0 -> (\i0 -> i12 (bData i15) (mapData i1)) (i11 (bData i15) (iData i1))) 1) i13 i14) i1) (\i0 -> \i0 -> \i0 -> i4 (\i0 -> \i0 -> force (i7 i1 (delay (\i0 -> \i0 -> force i1)) (delay (force (i8 (equalsData (i9 (i10 i1)) i4) (delay (i5 (i10 i1))) (delay (i2 (i11 i1)))))))) i1)) (\i0 -> (\i0 -> i2 (\i0 -> i2 i2 i1)) (\i0 -> i2 (\i0 -> i2 i2 i1)))) (force (force chooseList))) (force ifThenElse)) (force (force fstPair))) (force headList)) (force tailList)) (force (force sndPair))) (\i0 -> \i0 -> i3 (mkPairData i2 i1) i4)) (force mkCons)) [  ]) #c0) #736f6d65746f6b656e))