singleton {"exBudgetCPU":2956707,"exBudgetMemory":6256,"scriptSizeBytes":68}
valueOf {"exBudgetCPU":10676984,"exBudgetMemory":24208,"scriptSizeBytes":200}